=== Searching for skillspector in cron jobs ===
/var/home/rainbow/.hermes/cron/output/bc854296be9c/2026-09-09_21-04-09.md:# Cron Job: skillspector-guard
/var/home/rainbow/.hermes/cron/output/bc854296be9c/2026-09-09_21-04-09.md:=== autonomous-ai-agents/hermes-skillspector-guard-maintenance ===
/var/home/rainbow/.hermes/cron/output/bc854296be9c/2026-09-09_21-04-09.md:written: /var/home/rainbow/.hermes/skills-security/reports/adversarial/autonomous-ai-agents__hermes-skillspector-guard-maintenance.json
/var/home/rainbow/.hermes/cron/output/bc854296be9c/2026-09-09_21-04-09.md:PENDING QUARANTINE (not moved yet) autonomous-ai-agents/hermes-skillspector-guard-maintenance score=74 severity=HIGH report=/var/home/rainbow/.hermes/skills-security/reports/autonomous-ai-agents__hermes-skillspector-guard-maintenance.json -- run an adversarial scan against this report before deciding; then --confirm-quarantine autonomous-ai-agents/hermes-skillspector-guard-maintenance (true positive) or --reject-quarantine autonomous-ai-agents/hermes-skillspector-guard-maintenance (false positive)
/var/home/rainbow/.hermes/cron/output/bc854296be9c/2026-09-10_01-07-41.md:# Cron Job: skillspector-guard
/var/home/rainbow/.hermes/cron/output/bc854296be9c/2026-09-10_01-07-41.md:=== autonomous-ai-agents/hermes-skillspector-guard-maintenance ===
/var/home/rainbow/.hermes/cron/output/bc854296be9c/2026-09-10_01-07-41.md:written: /var/home/rainbow/.hermes/skills-security/reports/adversarial/autonomous-ai-agents__hermes-skillspector-guard-maintenance.json
/var/home/rainbow/.hermes/cron/output/bc854296be9c/2026-09-10_01-07-41.md:PENDING QUARANTINE (not moved yet) autonomous-ai-agents/hermes-skillspector-guard-maintenance score=74 severity=HIGH report=/var/home/rainbow/.hermes/skills-security/reports/autonomous-ai-agents__hermes-skillspector-guard-maintenance.json -- run an adversarial scan against this report before deciding; then --confirm-quarantine autonomous-ai-agents/hermes-skillspector-guard-maintenance (true positive) or --reject-quarantine autonomous-ai-agents/hermes-skillspector-guard-maintenance (false positive)
/var/home/rainbow/.hermes/cron/output/bc854296be9c/2026-09-10_05-29-21.md:# Cron Job: skillspector-guard
/var/home/rainbow/.hermes/cron/output/bc854296be9c/2026-09-10_05-29-21.md:=== autonomous-ai-agents/hermes-skillspector-guard-maintenance ===
/var/home/rainbow/.hermes/cron/output/bc854296be9c/2026-09-10_05-29-21.md:written: /var/home/rainbow/.hermes/skills-security/reports/adversarial/autonomous-ai-agents__hermes-skillspector-guard-maintenance.json
/var/home/rainbow/.hermes/cron/output/bc854296be9c/2026-09-10_05-29-21.md:PENDING QUARANTINE (not moved yet) autonomous-ai-agents/hermes-skillspector-guard-maintenance score=74 severity=HIGH report=/var/home/rainbow/.hermes/skills-security/reports/autonomous-ai-agents__hermes-skillspector-guard-maintenance.json -- run an adversarial scan against this report before deciding; then --confirm-quarantine autonomous-ai-agents/hermes-skillspector-guard-maintenance (true positive) or --reject-quarantine autonomous-ai-agents/hermes-skillspector-guard-maintenance (false positive)
/var/home/rainbow/.hermes/cron/output/bc854296be9c/2026-09-10_09-32-19.md:# Cron Job: skillspector-guard
/var/home/rainbow/.hermes/cron/output/bc854296be9c/2026-09-10_09-32-19.md:=== autonomous-ai-agents/hermes-skillspector-guard-maintenance ===
/var/home/rainbow/.hermes/cron/output/bc854296be9c/2026-09-10_09-32-19.md:written: /var/home/rainbow/.hermes/skills-security/reports/adversarial/autonomous-ai-agents__hermes-skillspector-guard-maintenance.json
/var/home/rainbow/.hermes/cron/output/bc854296be9c/2026-09-10_09-32-19.md:PENDING QUARANTINE (not moved yet) autonomous-ai-agents/hermes-skillspector-guard-maintenance score=74 severity=HIGH report=/var/home/rainbow/.hermes/skills-security/reports/autonomous-ai-agents__hermes-skillspector-guard-maintenance.json -- run an adversarial scan against this report before deciding; then --confirm-quarantine autonomous-ai-agents/hermes-skillspector-guard-maintenance (true positive) or --reject-quarantine autonomous-ai-agents/hermes-skillspector-guard-maintenance (false positive)
/var/home/rainbow/.hermes/cron/output/bc854296be9c/2026-09-10_13-32-51.md:# Cron Job: skillspector-guard
/var/home/rainbow/.hermes/cron/output/bc854296be9c/2026-09-10_13-32-51.md:=== autonomous-ai-agents/hermes-skillspector-guard-maintenance ===
/var/home/rainbow/.hermes/cron/output/bc854296be9c/2026-09-10_13-32-51.md:written: /var/home/rainbow/.hermes/skills-security/reports/adversarial/autonomous-ai-agents__hermes-skillspector-guard-maintenance.json
/var/home/rainbow/.hermes/cron/output/bc854296be9c/2026-09-10_13-32-51.md:PENDING QUARANTINE (not moved yet) autonomous-ai-agents/hermes-skillspector-guard-maintenance score=74 severity=HIGH report=/var/home/rainbow/.hermes/skills-security/reports/autonomous-ai-agents__hermes-skillspector-guard-maintenance.json -- run an adversarial scan against this report before deciding; then --confirm-quarantine autonomous-ai-agents/hermes-skillspector-guard-maintenance (true positive) or --reject-quarantine autonomous-ai-agents/hermes-skillspector-guard-maintenance (false positive)
/var/home/rainbow/.hermes/cron/output/bc854296be9c/2026-09-10_17-35-07.md:# Cron Job: skillspector-guard
/var/home/rainbow/.hermes/cron/output/bc854296be9c/2026-09-10_17-35-07.md:=== autonomous-ai-agents/hermes-skillspector-guard-maintenance ===
/var/home/rainbow/.hermes/cron/output/bc854296be9c/2026-09-10_17-35-07.md:written: /var/home/rainbow/.hermes/skills-security/reports/adversarial/autonomous-ai-agents__hermes-skillspector-guard-maintenance.json
/var/home/rainbow/.hermes/cron/output/bc854296be9c/2026-09-10_17-35-07.md:PENDING QUARANTINE (not moved yet) autonomous-ai-agents/hermes-skillspector-guard-maintenance score=74 severity=HIGH report=/var/home/rainbow/.hermes/skills-security/reports/autonomous-ai-agents__hermes-skillspector-guard-maintenance.json -- run an adversarial scan against this report before deciding; then --confirm-quarantine autonomous-ai-agents/hermes-skillspector-guard-maintenance (true positive) or --reject-quarantine autonomous-ai-agents/hermes-skillspector-guard-maintenance (false positive)
/var/home/rainbow/.hermes/cron/output/bc854296be9c/2026-09-10_21-39-27.md:# Cron Job: skillspector-guard
/var/home/rainbow/.hermes/cron/output/bc854296be9c/2026-09-10_21-39-27.md:=== autonomous-ai-agents/hermes-skillspector-guard-maintenance ===
/var/home/rainbow/.hermes/cron/output/bc854296be9c/2026-09-10_21-39-27.md:written: /var/home/rainbow/.hermes/skills-security/reports/adversarial/autonomous-ai-agents__hermes-skillspector-guard-maintenance.json
/var/home/rainbow/.hermes/cron/output/bc854296be9c/2026-09-10_21-39-27.md:PENDING QUARANTINE (not moved yet) autonomous-ai-agents/hermes-skillspector-guard-maintenance score=74 severity=HIGH report=/var/home/rainbow/.hermes/skills-security/reports/autonomous-ai-agents__hermes-skillspector-guard-maintenance.json -- run an adversarial scan against this report before deciding; then --confirm-quarantine autonomous-ai-agents/hermes-skillspector-guard-maintenance (true positive) or --reject-quarantine autonomous-ai-agents/hermes-skillspector-guard-maintenance (false positive)
/var/home/rainbow/.hermes/cron/output/bc854296be9c/2026-09-11_01-39-51.md:# Cron Job: skillspector-guard
/var/home/rainbow/.hermes/cron/output/bc854296be9c/2026-09-11_01-39-51.md:=== autonomous-ai-agents/hermes-skillspector-guard-maintenance ===
/var/home/rainbow/.hermes/cron/output/bc854296be9c/2026-09-11_01-39-51.md:written: /var/home/rainbow/.hermes/skills-security/reports/adversarial/autonomous-ai-agents__hermes-skillspector-guard-maintenance.json
/var/home/rainbow/.hermes/cron/output/bc854296be9c/2026-09-11_01-39-51.md:PENDING QUARANTINE (not moved yet) autonomous-ai-agents/hermes-skillspector-guard-maintenance score=74 severity=HIGH report=/var/home/rainbow/.hermes/skills-security/reports/autonomous-ai-agents__hermes-skillspector-guard-maintenance.json -- run an adversarial scan against this report before deciding; then --confirm-quarantine autonomous-ai-agents/hermes-skillspector-guard-maintenance (true positive) or --reject-quarantine autonomous-ai-agents/hermes-skillspector-guard-maintenance (false positive)
/var/home/rainbow/.hermes/cron/output/bc854296be9c/2026-09-11_10-59-42.md:# Cron Job: skillspector-guard
/var/home/rainbow/.hermes/cron/output/bc854296be9c/2026-09-11_10-59-42.md:=== autonomous-ai-agents/hermes-skillspector-guard-maintenance ===
/var/home/rainbow/.hermes/cron/output/bc854296be9c/2026-09-11_10-59-42.md:written: /var/home/rainbow/.hermes/skills-security/reports/adversarial/autonomous-ai-agents__hermes-skillspector-guard-maintenance.json
/var/home/rainbow/.hermes/cron/output/bc854296be9c/2026-09-11_10-59-42.md:PENDING QUARANTINE (not moved yet) autonomous-ai-agents/hermes-skillspector-guard-maintenance score=74 severity=HIGH report=/var/home/rainbow/.hermes/skills-security/reports/autonomous-ai-agents__hermes-skillspector-guard-maintenance.json -- run an adversarial scan against this report before deciding; then --confirm-quarantine autonomous-ai-agents/hermes-skillspector-guard-maintenance (true positive) or --reject-quarantine autonomous-ai-agents/hermes-skillspector-guard-maintenance (false positive)
/var/home/rainbow/.hermes/cron/output/bc854296be9c/2026-09-11_15-01-40.md:# Cron Job: skillspector-guard
/var/home/rainbow/.hermes/cron/output/bc854296be9c/2026-09-11_15-01-40.md:=== autonomous-ai-agents/hermes-skillspector-guard-maintenance ===
/var/home/rainbow/.hermes/cron/output/bc854296be9c/2026-09-11_15-01-40.md:written: /var/home/rainbow/.hermes/skills-security/reports/adversarial/autonomous-ai-agents__hermes-skillspector-guard-maintenance.json
/var/home/rainbow/.hermes/cron/output/bc854296be9c/2026-09-11_15-01-40.md:PENDING QUARANTINE (not moved yet) autonomous-ai-agents/hermes-skillspector-guard-maintenance score=74 severity=HIGH report=/var/home/rainbow/.hermes/skills-security/reports/autonomous-ai-agents__hermes-skillspector-guard-maintenance.json -- run an adversarial scan against this report before deciding; then --confirm-quarantine autonomous-ai-agents/hermes-skillspector-guard-maintenance (true positive) or --reject-quarantine autonomous-ai-agents/hermes-skillspector-guard-maintenance (false positive)
/var/home/rainbow/.hermes/cron/output/bc854296be9c/2026-09-11_19-05-10.md:# Cron Job: skillspector-guard
/var/home/rainbow/.hermes/cron/output/bc854296be9c/2026-09-11_19-05-10.md:=== autonomous-ai-agents/hermes-skillspector-guard-maintenance ===
/var/home/rainbow/.hermes/cron/output/bc854296be9c/2026-09-11_19-05-10.md:written: /var/home/rainbow/.hermes/skills-security/reports/adversarial/autonomous-ai-agents__hermes-skillspector-guard-maintenance.json
/var/home/rainbow/.hermes/cron/output/bc854296be9c/2026-09-11_19-05-10.md:PENDING QUARANTINE (not moved yet) autonomous-ai-agents/hermes-skillspector-guard-maintenance score=74 severity=HIGH report=/var/home/rainbow/.hermes/skills-security/reports/autonomous-ai-agents__hermes-skillspector-guard-maintenance.json -- run an adversarial scan against this report before deciding; then --confirm-quarantine autonomous-ai-agents/hermes-skillspector-guard-maintenance (true positive) or --reject-quarantine autonomous-ai-agents/hermes-skillspector-guard-maintenance (false positive)
/var/home/rainbow/.hermes/cron/output/bc854296be9c/2026-09-11_23-06-22.md:# Cron Job: skillspector-guard
/var/home/rainbow/.hermes/cron/output/bc854296be9c/2026-09-11_23-06-22.md:=== autonomous-ai-agents/hermes-skillspector-guard-maintenance ===
/var/home/rainbow/.hermes/cron/output/bc854296be9c/2026-09-11_23-06-22.md:written: /var/home/rainbow/.hermes/skills-security/reports/adversarial/autonomous-ai-agents__hermes-skillspector-guard-maintenance.json
/var/home/rainbow/.hermes/cron/output/bc854296be9c/2026-09-11_23-06-22.md:PENDING QUARANTINE (not moved yet) autonomous-ai-agents/hermes-skillspector-guard-maintenance score=74 severity=HIGH report=/var/home/rainbow/.hermes/skills-security/reports/autonomous-ai-agents__hermes-skillspector-guard-maintenance.json -- run an adversarial scan against this report before deciding; then --confirm-quarantine autonomous-ai-agents/hermes-skillspector-guard-maintenance (true positive) or --reject-quarantine autonomous-ai-agents/hermes-skillspector-guard-maintenance (false positive)
/var/home/rainbow/.hermes/cron/output/bc854296be9c/2026-09-12_03-07-10.md:# Cron Job: skillspector-guard
/var/home/rainbow/.hermes/cron/output/bc854296be9c/2026-09-12_03-07-10.md:=== autonomous-ai-agents/hermes-skillspector-guard-maintenance ===
/var/home/rainbow/.hermes/cron/output/bc854296be9c/2026-09-12_03-07-10.md:written: /var/home/rainbow/.hermes/skills-security/reports/adversarial/autonomous-ai-agents__hermes-skillspector-guard-maintenance.json
/var/home/rainbow/.hermes/cron/output/bc854296be9c/2026-09-12_03-07-10.md:PENDING QUARANTINE (not moved yet) autonomous-ai-agents/hermes-skillspector-guard-maintenance score=74 severity=HIGH report=/var/home/rainbow/.hermes/skills-security/reports/autonomous-ai-agents__hermes-skillspector-guard-maintenance.json -- run an adversarial scan against this report before deciding; then --confirm-quarantine autonomous-ai-agents/hermes-skillspector-guard-maintenance (true positive) or --reject-quarantine autonomous-ai-agents/hermes-skillspector-guard-maintenance (false positive)
/var/home/rainbow/.hermes/cron/output/bc854296be9c/2026-09-12_07-08-05.md:# Cron Job: skillspector-guard
/var/home/rainbow/.hermes/cron/output/bc854296be9c/2026-09-12_07-08-05.md:=== autonomous-ai-agents/hermes-skillspector-guard-maintenance ===
/var/home/rainbow/.hermes/cron/output/bc854296be9c/2026-09-12_07-08-05.md:written: /var/home/rainbow/.hermes/skills-security/reports/adversarial/autonomous-ai-agents__hermes-skillspector-guard-maintenance.json
/var/home/rainbow/.hermes/cron/output/bc854296be9c/2026-09-12_07-08-05.md:PENDING QUARANTINE (not moved yet) autonomous-ai-agents/hermes-skillspector-guard-maintenance score=74 severity=HIGH report=/var/home/rainbow/.hermes/skills-security/reports/autonomous-ai-agents__hermes-skillspector-guard-maintenance.json -- run an adversarial scan against this report before deciding; then --confirm-quarantine autonomous-ai-agents/hermes-skillspector-guard-maintenance (true positive) or --reject-quarantine autonomous-ai-agents/hermes-skillspector-guard-maintenance (false positive)
/var/home/rainbow/.hermes/cron/output/bc854296be9c/2026-09-12_11-08-37.md:# Cron Job: skillspector-guard
/var/home/rainbow/.hermes/cron/output/bc854296be9c/2026-09-12_11-08-37.md:=== autonomous-ai-agents/hermes-skillspector-guard-maintenance ===
/var/home/rainbow/.hermes/cron/output/bc854296be9c/2026-09-12_11-08-37.md:written: /var/home/rainbow/.hermes/skills-security/reports/adversarial/autonomous-ai-agents__hermes-skillspector-guard-maintenance.json
/var/home/rainbow/.hermes/cron/output/bc854296be9c/2026-09-12_11-08-37.md:PENDING QUARANTINE (not moved yet) autonomous-ai-agents/hermes-skillspector-guard-maintenance score=74 severity=HIGH report=/var/home/rainbow/.hermes/skills-security/reports/autonomous-ai-agents__hermes-skillspector-guard-maintenance.json -- run an adversarial scan against this report before deciding; then --confirm-quarantine autonomous-ai-agents/hermes-skillspector-guard-maintenance (true positive) or --reject-quarantine autonomous-ai-agents/hermes-skillspector-guard-maintenance (false positive)
/var/home/rainbow/.hermes/cron/output/bc854296be9c/2026-09-12_15-09-41.md:# Cron Job: skillspector-guard
/var/home/rainbow/.hermes/cron/output/bc854296be9c/2026-09-12_15-09-41.md:=== autonomous-ai-agents/hermes-skillspector-guard-maintenance ===
/var/home/rainbow/.hermes/cron/output/bc854296be9c/2026-09-12_15-09-41.md:written: /var/home/rainbow/.hermes/skills-security/reports/adversarial/autonomous-ai-agents__hermes-skillspector-guard-maintenance.json
/var/home/rainbow/.hermes/cron/output/bc854296be9c/2026-09-12_15-09-41.md:PENDING QUARANTINE (not moved yet) autonomous-ai-agents/hermes-skillspector-guard-maintenance score=74 severity=HIGH report=/var/home/rainbow/.hermes/skills-security/reports/autonomous-ai-agents__hermes-skillspector-guard-maintenance.json -- run an adversarial scan against this report before deciding; then --confirm-quarantine autonomous-ai-agents/hermes-skillspector-guard-maintenance (true positive) or --reject-quarantine autonomous-ai-agents/hermes-skillspector-guard-maintenance (false positive)
/var/home/rainbow/.hermes/cron/output/bc854296be9c/2026-09-12_19-10-27.md:# Cron Job: skillspector-guard
/var/home/rainbow/.hermes/cron/output/bc854296be9c/2026-09-12_19-10-27.md:=== autonomous-ai-agents/hermes-skillspector-guard-maintenance ===
/var/home/rainbow/.hermes/cron/output/bc854296be9c/2026-09-12_19-10-27.md:written: /var/home/rainbow/.hermes/skills-security/reports/adversarial/autonomous-ai-agents__hermes-skillspector-guard-maintenance.json
/var/home/rainbow/.hermes/cron/output/bc854296be9c/2026-09-12_19-10-27.md:PENDING QUARANTINE (not moved yet) autonomous-ai-agents/hermes-skillspector-guard-maintenance score=74 severity=HIGH report=/var/home/rainbow/.hermes/skills-security/reports/autonomous-ai-agents__hermes-skillspector-guard-maintenance.json -- run an adversarial scan against this report before deciding; then --confirm-quarantine autonomous-ai-agents/hermes-skillspector-guard-maintenance (true positive) or --reject-quarantine autonomous-ai-agents/hermes-skillspector-guard-maintenance (false positive)
/var/home/rainbow/.hermes/cron/output/bc854296be9c/2026-09-12_23-11-23.md:# Cron Job: skillspector-guard
/var/home/rainbow/.hermes/cron/output/bc854296be9c/2026-09-12_23-11-23.md:=== autonomous-ai-agents/hermes-skillspector-guard-maintenance ===
/var/home/rainbow/.hermes/cron/output/bc854296be9c/2026-09-12_23-11-23.md:written: /var/home/rainbow/.hermes/skills-security/reports/adversarial/autonomous-ai-agents__hermes-skillspector-guard-maintenance.json
/var/home/rainbow/.hermes/cron/output/bc854296be9c/2026-09-12_23-11-23.md:PENDING QUARANTINE (not moved yet) autonomous-ai-agents/hermes-skillspector-guard-maintenance score=74 severity=HIGH report=/var/home/rainbow/.hermes/skills-security/reports/autonomous-ai-agents__hermes-skillspector-guard-maintenance.json -- run an adversarial scan against this report before deciding; then --confirm-quarantine autonomous-ai-agents/hermes-skillspector-guard-maintenance (true positive) or --reject-quarantine autonomous-ai-agents/hermes-skillspector-guard-maintenance (false positive)
/var/home/rainbow/.hermes/cron/output/bc854296be9c/2026-09-13_03-12-40.md:# Cron Job: skillspector-guard
/var/home/rainbow/.hermes/cron/output/bc854296be9c/2026-09-13_03-12-40.md:=== autonomous-ai-agents/hermes-skillspector-guard-maintenance ===
/var/home/rainbow/.hermes/cron/output/bc854296be9c/2026-09-13_03-12-40.md:written: /var/home/rainbow/.hermes/skills-security/reports/adversarial/autonomous-ai-agents__hermes-skillspector-guard-maintenance.json
/var/home/rainbow/.hermes/cron/output/bc854296be9c/2026-09-13_03-12-40.md:PENDING QUARANTINE (not moved yet) autonomous-ai-agents/hermes-skillspector-guard-maintenance score=74 severity=HIGH report=/var/home/rainbow/.hermes/skills-security/reports/autonomous-ai-agents__hermes-skillspector-guard-maintenance.json -- run an adversarial scan against this report before deciding; then --confirm-quarantine autonomous-ai-agents/hermes-skillspector-guard-maintenance (true positive) or --reject-quarantine autonomous-ai-agents/hermes-skillspector-guard-maintenance (false positive)
/var/home/rainbow/.hermes/cron/output/bc854296be9c/2026-09-13_07-13-17.md:# Cron Job: skillspector-guard
/var/home/rainbow/.hermes/cron/output/bc854296be9c/2026-09-13_07-13-17.md:=== autonomous-ai-agents/hermes-skillspector-guard-maintenance ===
/var/home/rainbow/.hermes/cron/output/bc854296be9c/2026-09-13_07-13-17.md:written: /var/home/rainbow/.hermes/skills-security/reports/adversarial/autonomous-ai-agents__hermes-skillspector-guard-maintenance.json
/var/home/rainbow/.hermes/cron/output/bc854296be9c/2026-09-13_07-13-17.md:PENDING QUARANTINE (not moved yet) autonomous-ai-agents/hermes-skillspector-guard-maintenance score=74 severity=HIGH report=/var/home/rainbow/.hermes/skills-security/reports/autonomous-ai-agents__hermes-skillspector-guard-maintenance.json -- run an adversarial scan against this report before deciding; then --confirm-quarantine autonomous-ai-agents/hermes-skillspector-guard-maintenance (true positive) or --reject-quarantine autonomous-ai-agents/hermes-skillspector-guard-maintenance (false positive)
/var/home/rainbow/.hermes/cron/output/bc854296be9c/2026-09-13_11-14-15.md:# Cron Job: skillspector-guard
/var/home/rainbow/.hermes/cron/output/bc854296be9c/2026-09-13_11-14-15.md:=== autonomous-ai-agents/hermes-skillspector-guard-maintenance ===
/var/home/rainbow/.hermes/cron/output/bc854296be9c/2026-09-13_11-14-15.md:written: /var/home/rainbow/.hermes/skills-security/reports/adversarial/autonomous-ai-agents__hermes-skillspector-guard-maintenance.json
/var/home/rainbow/.hermes/cron/output/bc854296be9c/2026-09-13_11-14-15.md:PENDING QUARANTINE (not moved yet) autonomous-ai-agents/hermes-skillspector-guard-maintenance score=74 severity=HIGH report=/var/home/rainbow/.hermes/skills-security/reports/autonomous-ai-agents__hermes-skillspector-guard-maintenance.json -- run an adversarial scan against this report before deciding; then --confirm-quarantine autonomous-ai-agents/hermes-skillspector-guard-maintenance (true positive) or --reject-quarantine autonomous-ai-agents/hermes-skillspector-guard-maintenance (false positive)
/var/home/rainbow/.hermes/cron/output/bc854296be9c/2026-09-13_15-15-13.md:# Cron Job: skillspector-guard
/var/home/rainbow/.hermes/cron/output/bc854296be9c/2026-09-13_15-15-13.md:=== autonomous-ai-agents/hermes-skillspector-guard-maintenance ===
/var/home/rainbow/.hermes/cron/output/bc854296be9c/2026-09-13_15-15-13.md:written: /var/home/rainbow/.hermes/skills-security/reports/adversarial/autonomous-ai-agents__hermes-skillspector-guard-maintenance.json
/var/home/rainbow/.hermes/cron/output/bc854296be9c/2026-09-13_15-15-13.md:PENDING QUARANTINE (not moved yet) autonomous-ai-agents/hermes-skillspector-guard-maintenance score=74 severity=HIGH report=/var/home/rainbow/.hermes/skills-security/reports/autonomous-ai-agents__hermes-skillspector-guard-maintenance.json -- run an adversarial scan against this report before deciding; then --confirm-quarantine autonomous-ai-agents/hermes-skillspector-guard-maintenance (true positive) or --reject-quarantine autonomous-ai-agents/hermes-skillspector-guard-maintenance (false positive)
/var/home/rainbow/.hermes/cron/output/bc854296be9c/2026-09-13_20-55-21.md:# Cron Job: skillspector-guard
/var/home/rainbow/.hermes/cron/output/bc854296be9c/2026-09-13_20-55-21.md:=== autonomous-ai-agents/hermes-skillspector-guard-maintenance ===
/var/home/rainbow/.hermes/cron/output/bc854296be9c/2026-09-13_20-55-21.md:written: /var/home/rainbow/.hermes/skills-security/reports/adversarial/autonomous-ai-agents__hermes-skillspector-guard-maintenance.json
/var/home/rainbow/.hermes/cron/output/bc854296be9c/2026-09-13_20-55-21.md:PENDING QUARANTINE (not moved yet) autonomous-ai-agents/hermes-skillspector-guard-maintenance score=74 severity=HIGH report=/var/home/rainbow/.hermes/skills-security/reports/autonomous-ai-agents__hermes-skillspector-guard-maintenance.json -- run an adversarial scan against this report before deciding; then --confirm-quarantine autonomous-ai-agents/hermes-skillspector-guard-maintenance (true positive) or --reject-quarantine autonomous-ai-agents/hermes-skillspector-guard-maintenance (false positive)
/var/home/rainbow/.hermes/cron/output/bc854296be9c/2026-09-14_00-57-27.md:# Cron Job: skillspector-guard
/var/home/rainbow/.hermes/cron/output/bc854296be9c/2026-09-14_00-57-27.md:=== autonomous-ai-agents/hermes-skillspector-guard-maintenance ===
/var/home/rainbow/.hermes/cron/output/bc854296be9c/2026-09-14_00-57-27.md:written: /var/home/rainbow/.hermes/skills-security/reports/adversarial/autonomous-ai-agents__hermes-skillspector-guard-maintenance.json
/var/home/rainbow/.hermes/cron/output/bc854296be9c/2026-09-14_00-57-27.md:PENDING QUARANTINE (not moved yet) autonomous-ai-agents/hermes-skillspector-guard-maintenance score=74 severity=HIGH report=/var/home/rainbow/.hermes/skills-security/reports/autonomous-ai-agents__hermes-skillspector-guard-maintenance.json -- run an adversarial scan against this report before deciding; then --confirm-quarantine autonomous-ai-agents/hermes-skillspector-guard-maintenance (true positive) or --reject-quarantine autonomous-ai-agents/hermes-skillspector-guard-maintenance (false positive)
/var/home/rainbow/.hermes/cron/output/bc854296be9c/2026-09-14_04-59-01.md:# Cron Job: skillspector-guard
/var/home/rainbow/.hermes/cron/output/bc854296be9c/2026-09-14_04-59-01.md:=== autonomous-ai-agents/hermes-skillspector-guard-maintenance ===
/var/home/rainbow/.hermes/cron/output/bc854296be9c/2026-09-14_04-59-01.md:written: /var/home/rainbow/.hermes/skills-security/reports/adversarial/autonomous-ai-agents__hermes-skillspector-guard-maintenance.json
/var/home/rainbow/.hermes/cron/output/bc854296be9c/2026-09-14_04-59-01.md:PENDING QUARANTINE (not moved yet) autonomous-ai-agents/hermes-skillspector-guard-maintenance score=74 severity=HIGH report=/var/home/rainbow/.hermes/skills-security/reports/autonomous-ai-agents__hermes-skillspector-guard-maintenance.json -- run an adversarial scan against this report before deciding; then --confirm-quarantine autonomous-ai-agents/hermes-skillspector-guard-maintenance (true positive) or --reject-quarantine autonomous-ai-agents/hermes-skillspector-guard-maintenance (false positive)
/var/home/rainbow/.hermes/cron/output/bc854296be9c/2026-09-14_10-44-38.md:# Cron Job: skillspector-guard
/var/home/rainbow/.hermes/cron/output/bc854296be9c/2026-09-14_10-44-38.md:=== autonomous-ai-agents/hermes-skillspector-guard-maintenance ===
/var/home/rainbow/.hermes/cron/output/bc854296be9c/2026-09-14_10-44-38.md:written: /var/home/rainbow/.hermes/skills-security/reports/adversarial/autonomous-ai-agents__hermes-skillspector-guard-maintenance.json
/var/home/rainbow/.hermes/cron/output/bc854296be9c/2026-09-14_10-44-38.md:PENDING QUARANTINE (not moved yet) autonomous-ai-agents/hermes-skillspector-guard-maintenance score=74 severity=HIGH report=/var/home/rainbow/.hermes/skills-security/reports/autonomous-ai-agents__hermes-skillspector-guard-maintenance.json -- run an adversarial scan against this report before deciding; then --confirm-quarantine autonomous-ai-agents/hermes-skillspector-guard-maintenance (true positive) or --reject-quarantine autonomous-ai-agents/hermes-skillspector-guard-maintenance (false positive)
/var/home/rainbow/.hermes/cron/output/bc854296be9c/2026-09-14_14-53-32.md:# Cron Job: skillspector-guard
/var/home/rainbow/.hermes/cron/output/bc854296be9c/2026-09-14_14-53-32.md:=== autonomous-ai-agents/hermes-skillspector-guard-maintenance ===
/var/home/rainbow/.hermes/cron/output/bc854296be9c/2026-09-14_14-53-32.md:written: /var/home/rainbow/.hermes/skills-security/reports/adversarial/autonomous-ai-agents__hermes-skillspector-guard-maintenance.json
/var/home/rainbow/.hermes/cron/output/bc854296be9c/2026-09-14_14-53-32.md:PENDING QUARANTINE (not moved yet) autonomous-ai-agents/hermes-skillspector-guard-maintenance score=74 severity=HIGH report=/var/home/rainbow/.hermes/skills-security/reports/autonomous-ai-agents__hermes-skillspector-guard-maintenance.json -- run an adversarial scan against this report before deciding; then --confirm-quarantine autonomous-ai-agents/hermes-skillspector-guard-maintenance (true positive) or --reject-quarantine autonomous-ai-agents/hermes-skillspector-guard-maintenance (false positive)
/var/home/rainbow/.hermes/cron/output/bc854296be9c/2026-09-14_18-57-08.md:# Cron Job: skillspector-guard
/var/home/rainbow/.hermes/cron/output/bc854296be9c/2026-09-14_18-57-08.md:=== autonomous-ai-agents/hermes-skillspector-guard-maintenance ===
/var/home/rainbow/.hermes/cron/output/bc854296be9c/2026-09-14_18-57-08.md:written: /var/home/rainbow/.hermes/skills-security/reports/adversarial/autonomous-ai-agents__hermes-skillspector-guard-maintenance.json
/var/home/rainbow/.hermes/cron/output/bc854296be9c/2026-09-14_18-57-08.md:PENDING QUARANTINE (not moved yet) autonomous-ai-agents/hermes-skillspector-guard-maintenance score=74 severity=HIGH report=/var/home/rainbow/.hermes/skills-security/reports/autonomous-ai-agents__hermes-skillspector-guard-maintenance.json -- run an adversarial scan against this report before deciding; then --confirm-quarantine autonomous-ai-agents/hermes-skillspector-guard-maintenance (true positive) or --reject-quarantine autonomous-ai-agents/hermes-skillspector-guard-maintenance (false positive)
/var/home/rainbow/.hermes/cron/output/bc854296be9c/2026-09-14_23-20-54.md:# Cron Job: skillspector-guard
/var/home/rainbow/.hermes/cron/output/bc854296be9c/2026-09-14_23-20-54.md:=== autonomous-ai-agents/hermes-skillspector-guard-maintenance ===
/var/home/rainbow/.hermes/cron/output/bc854296be9c/2026-09-14_23-20-54.md:written: /var/home/rainbow/.hermes/skills-security/reports/adversarial/autonomous-ai-agents__hermes-skillspector-guard-maintenance.json
/var/home/rainbow/.hermes/cron/output/bc854296be9c/2026-09-14_23-20-54.md:PENDING QUARANTINE (not moved yet) autonomous-ai-agents/hermes-skillspector-guard-maintenance score=74 severity=HIGH report=/var/home/rainbow/.hermes/skills-security/reports/autonomous-ai-agents__hermes-skillspector-guard-maintenance.json -- run an adversarial scan against this report before deciding; then --confirm-quarantine autonomous-ai-agents/hermes-skillspector-guard-maintenance (true positive) or --reject-quarantine autonomous-ai-agents/hermes-skillspector-guard-maintenance (false positive)
/var/home/rainbow/.hermes/cron/output/bc854296be9c/2026-09-15_03-23-53.md:# Cron Job: skillspector-guard
/var/home/rainbow/.hermes/cron/output/bc854296be9c/2026-09-15_03-23-53.md:=== autonomous-ai-agents/hermes-skillspector-guard-maintenance ===
/var/home/rainbow/.hermes/cron/output/bc854296be9c/2026-09-15_03-23-53.md:written: /var/home/rainbow/.hermes/skills-security/reports/adversarial/autonomous-ai-agents__hermes-skillspector-guard-maintenance.json
/var/home/rainbow/.hermes/cron/output/bc854296be9c/2026-09-15_03-23-53.md:PENDING QUARANTINE (not moved yet) autonomous-ai-agents/hermes-skillspector-guard-maintenance score=74 severity=HIGH report=/var/home/rainbow/.hermes/skills-security/reports/autonomous-ai-agents__hermes-skillspector-guard-maintenance.json -- run an adversarial scan against this report before deciding; then --confirm-quarantine autonomous-ai-agents/hermes-skillspector-guard-maintenance (true positive) or --reject-quarantine autonomous-ai-agents/hermes-skillspector-guard-maintenance (false positive)
/var/home/rainbow/.hermes/cron/output/bc854296be9c/2026-09-15_07-25-25.md:# Cron Job: skillspector-guard
/var/home/rainbow/.hermes/cron/output/bc854296be9c/2026-09-15_07-25-25.md:=== autonomous-ai-agents/hermes-skillspector-guard-maintenance ===
/var/home/rainbow/.hermes/cron/output/bc854296be9c/2026-09-15_07-25-25.md:written: /var/home/rainbow/.hermes/skills-security/reports/adversarial/autonomous-ai-agents__hermes-skillspector-guard-maintenance.json
/var/home/rainbow/.hermes/cron/output/bc854296be9c/2026-09-15_07-25-25.md:PENDING QUARANTINE (not moved yet) autonomous-ai-agents/hermes-skillspector-guard-maintenance score=74 severity=HIGH report=/var/home/rainbow/.hermes/skills-security/reports/autonomous-ai-agents__hermes-skillspector-guard-maintenance.json -- run an adversarial scan against this report before deciding; then --confirm-quarantine autonomous-ai-agents/hermes-skillspector-guard-maintenance (true positive) or --reject-quarantine autonomous-ai-agents/hermes-skillspector-guard-maintenance (false positive)
/var/home/rainbow/.hermes/cron/output/bc854296be9c/2026-09-15_11-25-27.md:# Cron Job: skillspector-guard
/var/home/rainbow/.hermes/cron/output/bc854296be9c/2026-09-15_11-25-27.md:=== autonomous-ai-agents/hermes-skillspector-guard-maintenance ===
/var/home/rainbow/.hermes/cron/output/bc854296be9c/2026-09-15_11-25-27.md:written: /var/home/rainbow/.hermes/skills-security/reports/adversarial/autonomous-ai-agents__hermes-skillspector-guard-maintenance.json
/var/home/rainbow/.hermes/cron/output/bc854296be9c/2026-09-15_11-25-27.md:PENDING QUARANTINE (not moved yet) autonomous-ai-agents/hermes-skillspector-guard-maintenance score=74 severity=HIGH report=/var/home/rainbow/.hermes/skills-security/reports/autonomous-ai-agents__hermes-skillspector-guard-maintenance.json -- run an adversarial scan against this report before deciding; then --confirm-quarantine autonomous-ai-agents/hermes-skillspector-guard-maintenance (true positive) or --reject-quarantine autonomous-ai-agents/hermes-skillspector-guard-maintenance (false positive)
/var/home/rainbow/.hermes/cron/output/bc854296be9c/2026-09-15_15-30-19.md:# Cron Job: skillspector-guard
/var/home/rainbow/.hermes/cron/output/bc854296be9c/2026-09-15_15-30-19.md:=== autonomous-ai-agents/hermes-skillspector-guard-maintenance ===
/var/home/rainbow/.hermes/cron/output/bc854296be9c/2026-09-15_15-30-19.md:written: /var/home/rainbow/.hermes/skills-security/reports/adversarial/autonomous-ai-agents__hermes-skillspector-guard-maintenance.json
/var/home/rainbow/.hermes/cron/output/bc854296be9c/2026-09-15_15-30-19.md:PENDING QUARANTINE (not moved yet) autonomous-ai-agents/hermes-skillspector-guard-maintenance score=74 severity=HIGH report=/var/home/rainbow/.hermes/skills-security/reports/autonomous-ai-agents__hermes-skillspector-guard-maintenance.json -- run an adversarial scan against this report before deciding; then --confirm-quarantine autonomous-ai-agents/hermes-skillspector-guard-maintenance (true positive) or --reject-quarantine autonomous-ai-agents/hermes-skillspector-guard-maintenance (false positive)
/var/home/rainbow/.hermes/cron/output/bc854296be9c/2026-09-15_19-33-11.md:# Cron Job: skillspector-guard
/var/home/rainbow/.hermes/cron/output/bc854296be9c/2026-09-15_19-33-11.md:=== autonomous-ai-agents/hermes-skillspector-guard-maintenance ===
/var/home/rainbow/.hermes/cron/output/bc854296be9c/2026-09-15_19-33-11.md:written: /var/home/rainbow/.hermes/skills-security/reports/adversarial/autonomous-ai-agents__hermes-skillspector-guard-maintenance.json
/var/home/rainbow/.hermes/cron/output/bc854296be9c/2026-09-15_19-33-11.md:PENDING QUARANTINE (not moved yet) autonomous-ai-agents/hermes-skillspector-guard-maintenance score=74 severity=HIGH report=/var/home/rainbow/.hermes/skills-security/reports/autonomous-ai-agents__hermes-skillspector-guard-maintenance.json -- run an adversarial scan against this report before deciding; then --confirm-quarantine autonomous-ai-agents/hermes-skillspector-guard-maintenance (true positive) or --reject-quarantine autonomous-ai-agents/hermes-skillspector-guard-maintenance (false positive)
/var/home/rainbow/.hermes/cron/output/bc854296be9c/2026-09-16_09-55-30.md:# Cron Job: skillspector-guard
/var/home/rainbow/.hermes/cron/output/bc854296be9c/2026-09-16_09-55-30.md:=== autonomous-ai-agents/hermes-skillspector-guard-maintenance ===
/var/home/rainbow/.hermes/cron/output/bc854296be9c/2026-09-16_09-55-30.md:written: /var/home/rainbow/.hermes/skills-security/reports/adversarial/autonomous-ai-agents__hermes-skillspector-guard-maintenance.json
/var/home/rainbow/.hermes/cron/output/bc854296be9c/2026-09-16_09-55-30.md:PENDING QUARANTINE (not moved yet) autonomous-ai-agents/hermes-skillspector-guard-maintenance score=74 severity=HIGH report=/var/home/rainbow/.hermes/skills-security/reports/autonomous-ai-agents__hermes-skillspector-guard-maintenance.json -- run an adversarial scan against this report before deciding; then --confirm-quarantine autonomous-ai-agents/hermes-skillspector-guard-maintenance (true positive) or --reject-quarantine autonomous-ai-agents/hermes-skillspector-guard-maintenance (false positive)
/var/home/rainbow/.hermes/cron/output/bc854296be9c/2026-09-16_13-56-40.md:# Cron Job: skillspector-guard
/var/home/rainbow/.hermes/cron/output/bc854296be9c/2026-09-16_13-56-40.md:=== autonomous-ai-agents/hermes-skillspector-guard-maintenance ===
/var/home/rainbow/.hermes/cron/output/bc854296be9c/2026-09-16_13-56-40.md:written: /var/home/rainbow/.hermes/skills-security/reports/adversarial/autonomous-ai-agents__hermes-skillspector-guard-maintenance.json
/var/home/rainbow/.hermes/cron/output/bc854296be9c/2026-09-16_13-56-40.md:PENDING QUARANTINE (not moved yet) autonomous-ai-agents/hermes-skillspector-guard-maintenance score=74 severity=HIGH report=/var/home/rainbow/.hermes/skills-security/reports/autonomous-ai-agents__hermes-skillspector-guard-maintenance.json -- run an adversarial scan against this report before deciding; then --confirm-quarantine autonomous-ai-agents/hermes-skillspector-guard-maintenance (true positive) or --reject-quarantine autonomous-ai-agents/hermes-skillspector-guard-maintenance (false positive)
/var/home/rainbow/.hermes/cron/output/bc854296be9c/2026-09-16_17-57-34.md:# Cron Job: skillspector-guard
/var/home/rainbow/.hermes/cron/output/bc854296be9c/2026-09-16_17-57-34.md:=== autonomous-ai-agents/hermes-skillspector-guard-maintenance ===
/var/home/rainbow/.hermes/cron/output/bc854296be9c/2026-09-16_17-57-34.md:written: /var/home/rainbow/.hermes/skills-security/reports/adversarial/autonomous-ai-agents__hermes-skillspector-guard-maintenance.json
/var/home/rainbow/.hermes/cron/output/bc854296be9c/2026-09-16_17-57-34.md:PENDING QUARANTINE (not moved yet) autonomous-ai-agents/hermes-skillspector-guard-maintenance score=74 severity=HIGH report=/var/home/rainbow/.hermes/skills-security/reports/autonomous-ai-agents__hermes-skillspector-guard-maintenance.json -- run an adversarial scan against this report before deciding; then --confirm-quarantine autonomous-ai-agents/hermes-skillspector-guard-maintenance (true positive) or --reject-quarantine autonomous-ai-agents/hermes-skillspector-guard-maintenance (false positive)
/var/home/rainbow/.hermes/cron/output/bc854296be9c/2026-09-16_21-59-12.md:# Cron Job: skillspector-guard
/var/home/rainbow/.hermes/cron/output/bc854296be9c/2026-09-16_21-59-12.md:=== autonomous-ai-agents/hermes-skillspector-guard-maintenance ===
/var/home/rainbow/.hermes/cron/output/bc854296be9c/2026-09-16_21-59-12.md:written: /var/home/rainbow/.hermes/skills-security/reports/adversarial/autonomous-ai-agents__hermes-skillspector-guard-maintenance.json
/var/home/rainbow/.hermes/cron/output/bc854296be9c/2026-09-16_21-59-12.md:PENDING QUARANTINE (not moved yet) autonomous-ai-agents/hermes-skillspector-guard-maintenance score=74 severity=HIGH report=/var/home/rainbow/.hermes/skills-security/reports/autonomous-ai-agents__hermes-skillspector-guard-maintenance.json -- run an adversarial scan against this report before deciding; then --confirm-quarantine autonomous-ai-agents/hermes-skillspector-guard-maintenance (true positive) or --reject-quarantine autonomous-ai-agents/hermes-skillspector-guard-maintenance (false positive)
/var/home/rainbow/.hermes/cron/output/bc854296be9c/2026-09-17_02-03-19.md:# Cron Job: skillspector-guard
/var/home/rainbow/.hermes/cron/output/bc854296be9c/2026-09-17_02-03-19.md:=== autonomous-ai-agents/hermes-skillspector-guard-maintenance ===
/var/home/rainbow/.hermes/cron/output/bc854296be9c/2026-09-17_02-03-19.md:written: /var/home/rainbow/.hermes/skills-security/reports/adversarial/autonomous-ai-agents__hermes-skillspector-guard-maintenance.json
/var/home/rainbow/.hermes/cron/output/bc854296be9c/2026-09-17_02-03-19.md:PENDING QUARANTINE (not moved yet) autonomous-ai-agents/hermes-skillspector-guard-maintenance score=74 severity=HIGH report=/var/home/rainbow/.hermes/skills-security/reports/autonomous-ai-agents__hermes-skillspector-guard-maintenance.json -- run an adversarial scan against this report before deciding; then --confirm-quarantine autonomous-ai-agents/hermes-skillspector-guard-maintenance (true positive) or --reject-quarantine autonomous-ai-agents/hermes-skillspector-guard-maintenance (false positive)
/var/home/rainbow/.hermes/cron/output/bc854296be9c/2026-09-17_06-03-47.md:# Cron Job: skillspector-guard
/var/home/rainbow/.hermes/cron/output/bc854296be9c/2026-09-17_06-03-47.md:=== autonomous-ai-agents/hermes-skillspector-guard-maintenance ===
/var/home/rainbow/.hermes/cron/output/bc854296be9c/2026-09-17_06-03-47.md:written: /var/home/rainbow/.hermes/skills-security/reports/adversarial/autonomous-ai-agents__hermes-skillspector-guard-maintenance.json
/var/home/rainbow/.hermes/cron/output/bc854296be9c/2026-09-17_06-03-47.md:PENDING QUARANTINE (not moved yet) autonomous-ai-agents/hermes-skillspector-guard-maintenance score=74 severity=HIGH report=/var/home/rainbow/.hermes/skills-security/reports/autonomous-ai-agents__hermes-skillspector-guard-maintenance.json -- run an adversarial scan against this report before deciding; then --confirm-quarantine autonomous-ai-agents/hermes-skillspector-guard-maintenance (true positive) or --reject-quarantine autonomous-ai-agents/hermes-skillspector-guard-maintenance (false positive)
/var/home/rainbow/.hermes/cron/output/bc854296be9c/2026-09-17_10-04-25.md:# Cron Job: skillspector-guard
/var/home/rainbow/.hermes/cron/output/bc854296be9c/2026-09-17_10-04-25.md:=== autonomous-ai-agents/hermes-skillspector-guard-maintenance ===
/var/home/rainbow/.hermes/cron/output/bc854296be9c/2026-09-17_10-04-25.md:written: /var/home/rainbow/.hermes/skills-security/reports/adversarial/autonomous-ai-agents__hermes-skillspector-guard-maintenance.json
/var/home/rainbow/.hermes/cron/output/bc854296be9c/2026-09-17_10-04-25.md:PENDING QUARANTINE (not moved yet) autonomous-ai-agents/hermes-skillspector-guard-maintenance score=74 severity=HIGH report=/var/home/rainbow/.hermes/skills-security/reports/autonomous-ai-agents__hermes-skillspector-guard-maintenance.json -- run an adversarial scan against this report before deciding; then --confirm-quarantine autonomous-ai-agents/hermes-skillspector-guard-maintenance (true positive) or --reject-quarantine autonomous-ai-agents/hermes-skillspector-guard-maintenance (false positive)
/var/home/rainbow/.hermes/cron/output/bc854296be9c/2026-09-17_14-52-26.md:# Cron Job: skillspector-guard
/var/home/rainbow/.hermes/cron/output/bc854296be9c/2026-09-17_14-52-26.md:=== autonomous-ai-agents/hermes-skillspector-guard-maintenance ===
/var/home/rainbow/.hermes/cron/output/bc854296be9c/2026-09-17_14-52-26.md:written: /var/home/rainbow/.hermes/skills-security/reports/adversarial/autonomous-ai-agents__hermes-skillspector-guard-maintenance.json
/var/home/rainbow/.hermes/cron/output/bc854296be9c/2026-09-17_14-52-26.md:PENDING QUARANTINE (not moved yet) autonomous-ai-agents/hermes-skillspector-guard-maintenance score=74 severity=HIGH report=/var/home/rainbow/.hermes/skills-security/reports/autonomous-ai-agents__hermes-skillspector-guard-maintenance.json -- run an adversarial scan against this report before deciding; then --confirm-quarantine autonomous-ai-agents/hermes-skillspector-guard-maintenance (true positive) or --reject-quarantine autonomous-ai-agents/hermes-skillspector-guard-maintenance (false positive)
/var/home/rainbow/.hermes/cron/output/bc854296be9c/2026-09-17_18-53-40.md:# Cron Job: skillspector-guard
/var/home/rainbow/.hermes/cron/output/bc854296be9c/2026-09-17_18-53-40.md:=== autonomous-ai-agents/hermes-skillspector-guard-maintenance ===
/var/home/rainbow/.hermes/cron/output/bc854296be9c/2026-09-17_18-53-40.md:written: /var/home/rainbow/.hermes/skills-security/reports/adversarial/autonomous-ai-agents__hermes-skillspector-guard-maintenance.json
/var/home/rainbow/.hermes/cron/output/bc854296be9c/2026-09-17_18-53-40.md:PENDING QUARANTINE (not moved yet) autonomous-ai-agents/hermes-skillspector-guard-maintenance score=74 severity=HIGH report=/var/home/rainbow/.hermes/skills-security/reports/autonomous-ai-agents__hermes-skillspector-guard-maintenance.json -- run an adversarial scan against this report before deciding; then --confirm-quarantine autonomous-ai-agents/hermes-skillspector-guard-maintenance (true positive) or --reject-quarantine autonomous-ai-agents/hermes-skillspector-guard-maintenance (false positive)
/var/home/rainbow/.hermes/cron/output/bc854296be9c/2026-09-18_13-34-30.md:# Cron Job: skillspector-guard
/var/home/rainbow/.hermes/cron/output/bc854296be9c/2026-09-18_13-34-30.md:=== autonomous-ai-agents/hermes-skillspector-guard-maintenance ===
/var/home/rainbow/.hermes/cron/output/bc854296be9c/2026-09-18_13-34-30.md:written: /var/home/rainbow/.hermes/skills-security/reports/adversarial/autonomous-ai-agents__hermes-skillspector-guard-maintenance.json
/var/home/rainbow/.hermes/cron/output/bc854296be9c/2026-09-18_13-34-30.md:PENDING QUARANTINE (not moved yet) autonomous-ai-agents/hermes-skillspector-guard-maintenance score=74 severity=HIGH report=/var/home/rainbow/.hermes/skills-security/reports/autonomous-ai-agents__hermes-skillspector-guard-maintenance.json -- run an adversarial scan against this report before deciding; then --confirm-quarantine autonomous-ai-agents/hermes-skillspector-guard-maintenance (true positive) or --reject-quarantine autonomous-ai-agents/hermes-skillspector-guard-maintenance (false positive)
/var/home/rainbow/.hermes/cron/output/bc854296be9c/2026-09-18_18-51-53.md:# Cron Job: skillspector-guard
/var/home/rainbow/.hermes/cron/output/bc854296be9c/2026-09-18_18-51-53.md:=== autonomous-ai-agents/hermes-skillspector-guard-maintenance ===
/var/home/rainbow/.hermes/cron/output/bc854296be9c/2026-09-18_18-51-53.md:written: /var/home/rainbow/.hermes/skills-security/reports/adversarial/autonomous-ai-agents__hermes-skillspector-guard-maintenance.json
/var/home/rainbow/.hermes/cron/output/bc854296be9c/2026-09-18_18-51-53.md:PENDING QUARANTINE (not moved yet) autonomous-ai-agents/hermes-skillspector-guard-maintenance score=74 severity=HIGH report=/var/home/rainbow/.hermes/skills-security/reports/autonomous-ai-agents__hermes-skillspector-guard-maintenance.json -- run an adversarial scan against this report before deciding; then --confirm-quarantine autonomous-ai-agents/hermes-skillspector-guard-maintenance (true positive) or --reject-quarantine autonomous-ai-agents/hermes-skillspector-guard-maintenance (false positive)
/var/home/rainbow/.hermes/cron/output/bc854296be9c/2026-09-18_22-52-50.md:# Cron Job: skillspector-guard
/var/home/rainbow/.hermes/cron/output/bc854296be9c/2026-09-18_22-52-50.md:=== autonomous-ai-agents/hermes-skillspector-guard-maintenance ===
/var/home/rainbow/.hermes/cron/output/bc854296be9c/2026-09-18_22-52-50.md:written: /var/home/rainbow/.hermes/skills-security/reports/adversarial/autonomous-ai-agents__hermes-skillspector-guard-maintenance.json
/var/home/rainbow/.hermes/cron/output/bc854296be9c/2026-09-18_22-52-50.md:PENDING QUARANTINE (not moved yet) autonomous-ai-agents/hermes-skillspector-guard-maintenance score=74 severity=HIGH report=/var/home/rainbow/.hermes/skills-security/reports/autonomous-ai-agents__hermes-skillspector-guard-maintenance.json -- run an adversarial scan against this report before deciding; then --confirm-quarantine autonomous-ai-agents/hermes-skillspector-guard-maintenance (true positive) or --reject-quarantine autonomous-ai-agents/hermes-skillspector-guard-maintenance (false positive)
/var/home/rainbow/.hermes/cron/output/bc854296be9c/2026-09-19_02-54-02.md:# Cron Job: skillspector-guard
/var/home/rainbow/.hermes/cron/output/bc854296be9c/2026-09-19_02-54-02.md:=== autonomous-ai-agents/hermes-skillspector-guard-maintenance ===
/var/home/rainbow/.hermes/cron/output/bc854296be9c/2026-09-19_02-54-02.md:written: /var/home/rainbow/.hermes/skills-security/reports/adversarial/autonomous-ai-agents__hermes-skillspector-guard-maintenance.json
/var/home/rainbow/.hermes/cron/output/bc854296be9c/2026-09-19_02-54-02.md:PENDING QUARANTINE (not moved yet) autonomous-ai-agents/hermes-skillspector-guard-maintenance score=74 severity=HIGH report=/var/home/rainbow/.hermes/skills-security/reports/autonomous-ai-agents__hermes-skillspector-guard-maintenance.json -- run an adversarial scan against this report before deciding; then --confirm-quarantine autonomous-ai-agents/hermes-skillspector-guard-maintenance (true positive) or --reject-quarantine autonomous-ai-agents/hermes-skillspector-guard-maintenance (false positive)
/var/home/rainbow/.hermes/cron/output/bc854296be9c/2026-09-19_06-54-04.md:# Cron Job: skillspector-guard
/var/home/rainbow/.hermes/cron/output/bc854296be9c/2026-09-19_06-54-04.md:=== autonomous-ai-agents/hermes-skillspector-guard-maintenance ===
/var/home/rainbow/.hermes/cron/output/bc854296be9c/2026-09-19_06-54-04.md:written: /var/home/rainbow/.hermes/skills-security/reports/adversarial/autonomous-ai-agents__hermes-skillspector-guard-maintenance.json
/var/home/rainbow/.hermes/cron/output/bc854296be9c/2026-09-19_06-54-04.md:PENDING QUARANTINE (not moved yet) autonomous-ai-agents/hermes-skillspector-guard-maintenance score=74 severity=HIGH report=/var/home/rainbow/.hermes/skills-security/reports/autonomous-ai-agents__hermes-skillspector-guard-maintenance.json -- run an adversarial scan against this report before deciding; then --confirm-quarantine autonomous-ai-agents/hermes-skillspector-guard-maintenance (true positive) or --reject-quarantine autonomous-ai-agents/hermes-skillspector-guard-maintenance (false positive)
/var/home/rainbow/.hermes/cron/output/bc854296be9c/2026-09-19_10-54-30.md:# Cron Job: skillspector-guard
/var/home/rainbow/.hermes/cron/output/bc854296be9c/2026-09-19_10-54-30.md:=== autonomous-ai-agents/hermes-skillspector-guard-maintenance ===
/var/home/rainbow/.hermes/cron/output/bc854296be9c/2026-09-19_10-54-30.md:written: /var/home/rainbow/.hermes/skills-security/reports/adversarial/autonomous-ai-agents__hermes-skillspector-guard-maintenance.json
/var/home/rainbow/.hermes/cron/output/bc854296be9c/2026-09-19_10-54-30.md:PENDING QUARANTINE (not moved yet) autonomous-ai-agents/hermes-skillspector-guard-maintenance score=74 severity=HIGH report=/var/home/rainbow/.hermes/skills-security/reports/autonomous-ai-agents__hermes-skillspector-guard-maintenance.json -- run an adversarial scan against this report before deciding; then --confirm-quarantine autonomous-ai-agents/hermes-skillspector-guard-maintenance (true positive) or --reject-quarantine autonomous-ai-agents/hermes-skillspector-guard-maintenance (false positive)
/var/home/rainbow/.hermes/cron/output/bc854296be9c/2026-09-19_14-55-07.md:# Cron Job: skillspector-guard
/var/home/rainbow/.hermes/cron/output/bc854296be9c/2026-09-19_14-55-07.md:=== autonomous-ai-agents/hermes-skillspector-guard-maintenance ===
/var/home/rainbow/.hermes/cron/output/bc854296be9c/2026-09-19_14-55-07.md:written: /var/home/rainbow/.hermes/skills-security/reports/adversarial/autonomous-ai-agents__hermes-skillspector-guard-maintenance.json
/var/home/rainbow/.hermes/cron/output/bc854296be9c/2026-09-19_14-55-07.md:PENDING QUARANTINE (not moved yet) autonomous-ai-agents/hermes-skillspector-guard-maintenance score=74 severity=HIGH report=/var/home/rainbow/.hermes/skills-security/reports/autonomous-ai-agents__hermes-skillspector-guard-maintenance.json -- run an adversarial scan against this report before deciding; then --confirm-quarantine autonomous-ai-agents/hermes-skillspector-guard-maintenance (true positive) or --reject-quarantine autonomous-ai-agents/hermes-skillspector-guard-maintenance (false positive)
/var/home/rainbow/.hermes/cron/output/001715fd293f/2026-09-01_13-33-00.md:**Target skills:** `adversarial-review`, `hermes-skillspector-guard-maintenance`
/var/home/rainbow/.hermes/cron/output/001715fd293f/2026-09-01_13-33-00.md:| 2607.16345 | AEVAL: executor/grader separation; silent self-correction hides true pass rate | 4/5 | `hermes-skillspector-guard-maintenance` |
/var/home/rainbow/.hermes/cron/output/001715fd293f/2026-09-01_13-33-00.md:| 17b | 2026-08-17 | 2608.13560 | 2608.14109 | 7 findings (3 arXiv: 14109,13334,13574,13606; 2 Qiita; 1 GitHub; 1 missed-prior: 2605.11032) | 4 patchable | 3 blocked | agent-runtime-loop-patterns, hermes-memory-surface-selection, autonomous-agent-loop-design, hermes-skillspector-guard-maintenance |
/var/home/rainbow/.hermes/cron/output/001715fd293f/2026-09-04_22-01-00.md:**Target skills:** `adversarial-review`, `hermes-skillspector-guard-maintenance`
/var/home/rainbow/.hermes/cron/output/001715fd293f/2026-09-04_22-01-00.md:| 2607.16345 | AEVAL: executor/grader separation; silent self-correction hides true pass rate | 4/5 | `hermes-skillspector-guard-maintenance` |
/var/home/rainbow/.hermes/cron/output/001715fd293f/2026-09-04_22-01-00.md:| 17b | 2026-08-17 | 2608.13560 | 2608.14109 | 7 findings (3 arXiv: 14109,13334,13574,13606; 2 Qiita; 1 GitHub; 1 missed-prior: 2605.11032) | 4 patchable | 3 blocked | agent-runtime-loop-patterns, hermes-memory-surface-selection, autonomous-agent-loop-design, hermes-skillspector-guard-maintenance |
/var/home/rainbow/.hermes/cron/jobs.json:      "name": "skillspector-guard",
/var/home/rainbow/.hermes/cron/jobs.json:      "script": "skillspector_guard_enforce.sh",
NOT IN FORK CRON

=== shadow-gate-0001 in cron ===
/var/home/rainbow/.hermes/cron/output/shadow-gate-0001/2026-09-17_08-00-05.md:# Cron Job: shadow-gate-nightly
/var/home/rainbow/.hermes/cron/output/shadow-gate-0001/2026-09-17_08-00-05.md:**Job ID:** shadow-gate-0001
/var/home/rainbow/.hermes/cron/output/shadow-gate-0001/2026-09-18_13-34-28.md:# Cron Job: shadow-gate-nightly
/var/home/rainbow/.hermes/cron/output/shadow-gate-0001/2026-09-18_13-34-28.md:**Job ID:** shadow-gate-0001
/var/home/rainbow/.hermes/cron/output/shadow-gate-0001/2026-09-19_08-00-11.md:# Cron Job: shadow-gate-nightly

=== recall-miss-ttl-adjuster in cron ===
/var/home/rainbow/.hermes/cron/output/b053e57fd10b/2026-09-17_15-05-28.md:Open: routing `result_count` still defaults to -1; `recall-miss-ttl-adjuster-0001` blocked on `deliver: none`.
/var/home/rainbow/.hermes/cron/output/b053e57fd10b/2026-09-19_02-55-52.md:Timestamp refreshed to 2026-09-18T16:54:46Z / 2026-09-19 02:54 AEST; no new durable changes. Fork infrastructure remains stable; open items unchanged (routing `result_count` feedback signal, recall-miss-ttl-adjuster cron delivery target).
/var/home/rainbow/.hermes/cron/output/bcb9c8082d9c/2026-09-18_17-02-07.md:**Two persisting blockers** across multiple daily notes: missing `result_count` at routing call sites, and `deliver: none` blocking the recall-miss TTL adjuster cron job.
/var/home/rainbow/.hermes/cron/output/recall-miss-ttl-adjuster-0001/2026-09-17_05-00-38.md:# Cron Job: recall-miss-ttl-adjuster-0001
/var/home/rainbow/.hermes/cron/output/recall-miss-ttl-adjuster-0001/2026-09-17_05-00-38.md:**Job ID:** recall-miss-ttl-adjuster-0001

=== calibration-threshold-updater in cron ===
/var/home/rainbow/.hermes/cron/output/calibration-threshold-updater-0001/2026-09-17_06-00-46.md:**Job ID:** calibration-threshold-updater-0001
/var/home/rainbow/.hermes/cron/output/calibration-threshold-updater-0001/2026-09-18_13-34-28.md:**Job ID:** calibration-threshold-updater-0001
/var/home/rainbow/.hermes/cron/output/calibration-threshold-updater-0001/2026-09-19_06-00-58.md:**Job ID:** calibration-threshold-updater-0001
/var/home/rainbow/.hermes/cron/jobs.json:      "id": "calibration-threshold-updater-0001",
/var/home/rainbow/.hermes/cron/jobs.json:      "script": "calibration-threshold-updater.py",

=== routing-weight-updater in cron ===
/var/home/rainbow/.hermes/cron/output/b053e57fd10b/2026-09-17_15-05-28.md:Live-sync + daily note now cover the book-to-skill / wiring sprint (`20260916_224412_65e0b9`): five research skills ingested; UCB1 + Beta trust in unified-recall; FTRL routing-weight-updater; fork plugins `context-pressure-guard` and `tool-result-audit`.
/var/home/rainbow/.hermes/cron/output/routing-weight-updater-0001/2026-09-18_13-34-28.md:# Cron Job: routing-weight-updater
/var/home/rainbow/.hermes/cron/output/routing-weight-updater-0001/2026-09-18_13-34-28.md:**Job ID:** routing-weight-updater-0001
/var/home/rainbow/.hermes/cron/output/routing-weight-updater-0001/2026-09-18_13-34-28.md:Written: /var/home/rainbow/.hermes/cache/routing-weights.json
/var/home/rainbow/.hermes/cron/output/routing-weight-updater-0001/2026-09-18_13-34-28.md:  "weights_path": "/var/home/rainbow/.hermes/cache/routing-weights.json"

=== All job IDs in default cron ===
  id=b053e57fd10b name=hermes-chat-sync-4h schedule={'kind': 'interval', 'minutes': 240, 'display': 'every 240m'}
  id=52776e518fc1 name=hermes-mutation-gate-watch schedule={'kind': 'interval', 'minutes': 1440, 'display': 'every 1440m'}
  id=3170e542c493 name=hermes-memory-drift-audit schedule={'kind': 'interval', 'minutes': 1440, 'display': 'every 1440m'}
  id=bc854296be9c name=skillspector-guard schedule={'kind': 'interval', 'minutes': 235, 'display': 'every 235m'}
  id=064999e8aff3 name=firecrawl-watchdog schedule={'kind': 'interval', 'minutes': 10, 'display': 'every 10m'}
  id=2b3f3a0f79a0 name=hermes-platform-watchdog schedule={'kind': 'interval', 'minutes': 720, 'display': 'every 720m'}
  id=1ea1d2459f51 name=session-auto-prune schedule={'kind': 'interval', 'minutes': 245, 'display': 'every 245m'}
  id=bcb9c8082d9c name=obsidian-weekly-review schedule={'kind': 'cron', 'expr': '0 17 * * 5', 'display': '0 17 * * 5'}
  id=ebe4fd06d379 name=l1-extract-periodic schedule={'kind': 'interval', 'minutes': 180, 'display': 'every 180m'}
  id=e034d0179aa9 name=l1-hindsight-promote schedule={'kind': 'interval', 'minutes': 240, 'display': 'every 240m'}
  id=d984a185e83a name=omni-skill-quality-scan schedule={'kind': 'cron', 'expr': '0 3 * * 0', 'display': '0 3 * * 0'}
  id=f8aa4b717a18 name=skill-prune-audit schedule={'kind': 'cron', 'expr': '0 9 1 * *', 'display': '0 9 1 * *'}
  id=3f5af7731df4 name=l1-promote-periodic schedule={'kind': 'interval', 'minutes': 220, 'display': 'every 220m'}
  id=7dc01def3354 name=g-memory-tier3-nightly schedule={'kind': 'cron', 'expr': '0 3 * * *', 'display': '0 3 * * *'}
  id=061dfd4d2bb9 name=l1-graphiti-periodic schedule={'kind': 'interval', 'minutes': 250, 'display': 'every 250m'}
  id=34f0727068b7 name=memory-ttl-purge schedule={'kind': 'cron', 'expr': '40 3 * * *', 'display': '40 3 * * *'}
  id=26a4747fe6ea name=pending-improvements-review schedule={'kind': 'cron', 'expr': '0 10 * * 0', 'display': '0 10 * * 0'}
  id=625d44f3ef9f name=skill-wiki-weekly schedule={'kind': 'cron', 'expr': '0 6 * * 0', 'display': '0 6 * * 0'}
  id=8dea5993a20b name=news-diff-watchdog schedule={'kind': 'interval', 'minutes': 90, 'display': 'every 90m'}
  id=8ef59f993787 name=hermes-research-weekly schedule={'kind': 'cron', 'expr': '0 6 * * 2', 'display': '0 6 * * 2'}
  id=001715fd293f name=hermes-research-apply schedule={'kind': 'cron', 'expr': '0 7 * * 2', 'display': '0 7 * * 2'}
  id=17400db93f53 name=desktop-sync-nightly schedule={'kind': 'cron', 'expr': '0 10 * * *', 'display': '0 10 * * *'}
  id=93a6c78e4934 name=firewall-port-audit schedule={'kind': 'cron', 'expr': '10 4 * * 1', 'display': '10 4 * * 1'}
  id=462ef65ad091 name=state-wal-checkpoint schedule={'kind': 'cron', 'expr': '20 3 * * *', 'display': '20 3 * * *'}
  id=fa1df4f4270e name=hypermem-promote schedule={'kind': 'interval', 'minutes': 230, 'display': 'every 230m'}
  id=9ffa3bae59aa name=concept-lattice-nightly schedule={'kind': 'cron', 'expr': '0 4 * * *', 'display': '0 4 * * *'}
  id=ed8d542e084d name=hermes-math-interpret schedule={'kind': 'cron', 'expr': '30 6 * * 2', 'display': '30 6 * * 2'}
  id=7508115b4e01 name=cs-research-weekly schedule={'kind': 'cron', 'expr': '0 2 * * 4', 'display': '0 2 * * 4'}
  id=fcb99db39abe name=cs-research-interpret schedule={'kind': 'cron', 'expr': '30 6 * * 4', 'display': '30 6 * * 4'}
  id=25c7645aa11d name=cs-primers-quarterly schedule={'kind': 'cron', 'expr': '0 3 1 */3 *', 'display': '0 3 1 */3 *'}
  id=cc67685ee9bd name=hermes-math-sweep schedule={'kind': 'cron', 'expr': '0 1 * * 2', 'display': '0 1 * * 2'}
  id=670a8904edf4 name=se-gos-weekly schedule={'kind': 'cron', 'expr': '0 5 * * 0', 'display': '0 5 * * 0'}
  id=433acbd84b93 name=pre-compact-annotate.py schedule={'kind': 'interval', 'minutes': 15, 'display': 'every 15m'}
  id=shadow-gate-0001 name=shadow-gate-nightly schedule={'kind': 'cron', 'expr': '0 8 * * *', 'display': '0 8 * * *'}
  id=calibration-threshold-updater-0001 name=Calibration threshold updater schedule={'kind': 'cron', 'expr': '0 6 * * *'}
  id=context-pressure-monitor-0001 name=Context pressure monitor schedule={'kind': 'cron', 'expr': '*/30 * * * *'}
  id=routing-weight-updater-0001 name=routing-weight-updater schedule={'kind': 'cron', 'expr': '0 9 * * *', 'display': '0 8 * * *'}
  id=recall-miss-ttl-adjuster-0001 name=recall-miss-ttl-adjuster schedule={'kind': 'cron', 'expr': '0 5 * * *'}
  id=c7e4d8aa60d5 name=hermes-monitor-suite schedule={'kind': 'cron', 'expr': '0 7 * * *', 'display': 'every day at 7am'}
  id=ea4a9468f4d9 name=skill-router-index-rebuild schedule={'kind': 'cron', 'expr': '0 5 * * 6', 'display': '0 5 * * 6'}
  id=6ccb65309619 name=fork-state-vacuum schedule={'kind': 'cron', 'expr': '0 2 * * 0', 'display': '0 2 * * 0'}

__HERMES_CWD_ff1e05411f22__/var/home/rainbow/.hermes/scripts__HERMES_CWD_ff1e05411f22__
